  正在确定要还原的项目…
  已还原 E:\kunkun\SonarSwitch\SonicRoute.Core\SonicRoute.Core.csproj (用时 236 毫秒)。
  1 个项目(共 2 个)是最新的，无法还原。
E:\kunkun\SonarSwitch\SonicRoute.Core\AppDisplayName.cs(15,42): warning CS8604: “bool Dictionary<string, string>.TryGetValue(string key, out string value)”中的形参“key”可能传入 null 引用实参。 [E:\kunkun\SonarSwitch\SonicRoute.Core\SonicRoute.Core.csproj::TargetFramework=net48]
E:\kunkun\SonarSwitch\SonicRoute.Core\SystemVolumeService.cs(28,44): warning CS8604: “int IMMDeviceEnumerator.GetDevice(string pwstrId, out IMMDevice ppDevice)”中的形参“pwstrId”可能传入 null 引用实参。 [E:\kunkun\SonarSwitch\SonicRoute.Core\SonicRoute.Core.csproj::TargetFramework=net48]
E:\kunkun\SonarSwitch\SonicRoute.Core\AudioService.cs(356,61): warning CS8625: 无法将 null 字面量转换为非 null 的引用类型。 [E:\kunkun\SonarSwitch\SonicRoute.Core\SonicRoute.Core.csproj::TargetFramework=net48]
E:\kunkun\SonarSwitch\SonicRoute.Core\AudioService.cs(406,51): warning CS8625: 无法将 null 字面量转换为非 null 的引用类型。 [E:\kunkun\SonarSwitch\SonicRoute.Core\SonicRoute.Core.csproj::TargetFramework=net48]
E:\kunkun\SonarSwitch\SonicRoute.Core\AudioService.cs(408,51): warning CS8625: 无法将 null 字面量转换为非 null 的引用类型。 [E:\kunkun\SonarSwitch\SonicRoute.Core\SonicRoute.Core.csproj::TargetFramework=net48]
  SonicRoute.Core -> E:\kunkun\SonarSwitch\dist\SonicRoute-v1.21-Legacy-x64-automation-editor\SonicRoute.Core.dll
E:\kunkun\SonarSwitch\SonicRoute\AppIconService.cs(44,33): warning CS8604: “ImageSource? AppIconService.GetOrExtract(string exe)”中的形参“exe”可能传入 null 引用实参。 [E:\kunkun\SonarSwitch\SonicRoute.Legacy\SonicRoute.Legacy_eb401dy5_wpftmp.csproj]
E:\kunkun\SonarSwitch\SonicRoute\AppIconService.cs(51,33): warning CS8604: “ImageSource? AppIconService.GetOrExtract(string exe)”中的形参“exe”可能传入 null 引用实参。 [E:\kunkun\SonarSwitch\SonicRoute.Legacy\SonicRoute.Legacy_eb401dy5_wpftmp.csproj]
E:\kunkun\SonarSwitch\SonicRoute\CurrentAppService.cs(67,80): warning CS8604: “bool List<string>.Contains(string item)”中的形参“item”可能传入 null 引用实参。 [E:\kunkun\SonarSwitch\SonicRoute.Legacy\SonicRoute.Legacy_eb401dy5_wpftmp.csproj]
E:\kunkun\SonarSwitch\SonicRoute\L10n.cs(114,38): warning CS8602: 解引用可能出现空引用。 [E:\kunkun\SonarSwitch\SonicRoute.Legacy\SonicRoute.Legacy_eb401dy5_wpftmp.csproj]
E:\kunkun\SonarSwitch\SonicRoute\CurrentAppService.cs(83,80): warning CS8604: “bool List<string>.Contains(string item)”中的形参“item”可能传入 null 引用实参。 [E:\kunkun\SonarSwitch\SonicRoute.Legacy\SonicRoute.Legacy_eb401dy5_wpftmp.csproj]
E:\kunkun\SonarSwitch\SonicRoute\HotkeyService.cs(132,27): warning CS8604: “bool HotkeyService.TryParse(string combo, out uint mods, out uint vk)”中的形参“combo”可能传入 null 引用实参。 [E:\kunkun\SonarSwitch\SonicRoute.Legacy\SonicRoute.Legacy_eb401dy5_wpftmp.csproj]
E:\kunkun\SonarSwitch\SonicRoute\QuickPanelWindow.xaml.cs(310,35): warning CS8601: 可能的 null 引用赋值。 [E:\kunkun\SonarSwitch\SonicRoute.Legacy\SonicRoute.Legacy_eb401dy5_wpftmp.csproj]
E:\kunkun\SonarSwitch\SonicRoute\App.xaml.cs(450,30): warning CS8602: 解引用可能出现空引用。 [E:\kunkun\SonarSwitch\SonicRoute.Legacy\SonicRoute.Legacy_eb401dy5_wpftmp.csproj]
E:\kunkun\SonarSwitch\SonicRoute\QuickPanelWindow.xaml.cs(505,25): warning CS8602: 解引用可能出现空引用。 [E:\kunkun\SonarSwitch\SonicRoute.Legacy\SonicRoute.Legacy_eb401dy5_wpftmp.csproj]
E:\kunkun\SonarSwitch\SonicRoute\MainWindow.xaml.cs(575,39): warning CS8601: 可能的 null 引用赋值。 [E:\kunkun\SonarSwitch\SonicRoute.Legacy\SonicRoute.Legacy_eb401dy5_wpftmp.csproj]
E:\kunkun\SonarSwitch\SonicRoute\QuickPanelModernWindow.xaml.cs(1219,35): warning CS8601: 可能的 null 引用赋值。 [E:\kunkun\SonarSwitch\SonicRoute.Legacy\SonicRoute.Legacy_eb401dy5_wpftmp.csproj]
E:\kunkun\SonarSwitch\SonicRoute\QuickPanelModernWindow.xaml.cs(1241,25): warning CS8602: 解引用可能出现空引用。 [E:\kunkun\SonarSwitch\SonicRoute.Legacy\SonicRoute.Legacy_eb401dy5_wpftmp.csproj]
E:\kunkun\SonarSwitch\SonicRoute\MainWindow.xaml.cs(915,69): warning CS8604: “bool Dictionary<string, string>.Remove(string key)”中的形参“key”可能传入 null 引用实参。 [E:\kunkun\SonarSwitch\SonicRoute.Legacy\SonicRoute.Legacy_eb401dy5_wpftmp.csproj]
E:\kunkun\SonarSwitch\SonicRoute\MainWindow.xaml.cs(916,35): warning CS8604: “string Dictionary<string, string>.this[string key]”中的形参“key”可能传入 null 引用实参。 [E:\kunkun\SonarSwitch\SonicRoute.Legacy\SonicRoute.Legacy_eb401dy5_wpftmp.csproj]
E:\kunkun\SonarSwitch\SonicRoute\MainWindow.xaml.cs(982,53): warning CS8604: “bool List<string>.Contains(string item)”中的形参“item”可能传入 null 引用实参。 [E:\kunkun\SonarSwitch\SonicRoute.Legacy\SonicRoute.Legacy_eb401dy5_wpftmp.csproj]
E:\kunkun\SonarSwitch\SonicRoute\MainWindow.xaml.cs(1020,73): warning CS8604: “bool List<string>.Contains(string item)”中的形参“item”可能传入 null 引用实参。 [E:\kunkun\SonarSwitch\SonicRoute.Legacy\SonicRoute.Legacy_eb401dy5_wpftmp.csproj]
E:\kunkun\SonarSwitch\SonicRoute\MainWindow.xaml.cs(1035,29): warning CS8604: “void List<string>.Add(string item)”中的形参“item”可能传入 null 引用实参。 [E:\kunkun\SonarSwitch\SonicRoute.Legacy\SonicRoute.Legacy_eb401dy5_wpftmp.csproj]
E:\kunkun\SonarSwitch\SonicRoute\MainWindow.xaml.cs(2870,40): warning CS8604: “bool? MainWindow.IsNewerVersion(string remoteTag)”中的形参“remoteTag”可能传入 null 引用实参。 [E:\kunkun\SonarSwitch\SonicRoute.Legacy\SonicRoute.Legacy_eb401dy5_wpftmp.csproj]
E:\kunkun\SonarSwitch\SonicRoute\MainWindow.xaml.cs(3051,25): warning CS8602: 解引用可能出现空引用。 [E:\kunkun\SonarSwitch\SonicRoute.Legacy\SonicRoute.Legacy_eb401dy5_wpftmp.csproj]
E:\kunkun\SonarSwitch\SonicRoute\MainWindow.xaml.cs(3596,71): warning CS8602: 解引用可能出现空引用。 [E:\kunkun\SonarSwitch\SonicRoute.Legacy\SonicRoute.Legacy_eb401dy5_wpftmp.csproj]
E:\kunkun\SonarSwitch\SonicRoute\AppIconService.cs(44,33): warning CS8604: “ImageSource? AppIconService.GetOrExtract(string exe)”中的形参“exe”可能传入 null 引用实参。 [E:\kunkun\SonarSwitch\SonicRoute.Legacy\SonicRoute.Legacy.csproj]
E:\kunkun\SonarSwitch\SonicRoute\AppIconService.cs(51,33): warning CS8604: “ImageSource? AppIconService.GetOrExtract(string exe)”中的形参“exe”可能传入 null 引用实参。 [E:\kunkun\SonarSwitch\SonicRoute.Legacy\SonicRoute.Legacy.csproj]
E:\kunkun\SonarSwitch\SonicRoute\CurrentAppService.cs(67,80): warning CS8604: “bool List<string>.Contains(string item)”中的形参“item”可能传入 null 引用实参。 [E:\kunkun\SonarSwitch\SonicRoute.Legacy\SonicRoute.Legacy.csproj]
E:\kunkun\SonarSwitch\SonicRoute\CurrentAppService.cs(83,80): warning CS8604: “bool List<string>.Contains(string item)”中的形参“item”可能传入 null 引用实参。 [E:\kunkun\SonarSwitch\SonicRoute.Legacy\SonicRoute.Legacy.csproj]
E:\kunkun\SonarSwitch\SonicRoute\L10n.cs(114,38): warning CS8602: 解引用可能出现空引用。 [E:\kunkun\SonarSwitch\SonicRoute.Legacy\SonicRoute.Legacy.csproj]
E:\kunkun\SonarSwitch\SonicRoute\HotkeyService.cs(132,27): warning CS8604: “bool HotkeyService.TryParse(string combo, out uint mods, out uint vk)”中的形参“combo”可能传入 null 引用实参。 [E:\kunkun\SonarSwitch\SonicRoute.Legacy\SonicRoute.Legacy.csproj]
E:\kunkun\SonarSwitch\SonicRoute\QuickPanelWindow.xaml.cs(310,35): warning CS8601: 可能的 null 引用赋值。 [E:\kunkun\SonarSwitch\SonicRoute.Legacy\SonicRoute.Legacy.csproj]
E:\kunkun\SonarSwitch\SonicRoute\App.xaml.cs(450,30): warning CS8602: 解引用可能出现空引用。 [E:\kunkun\SonarSwitch\SonicRoute.Legacy\SonicRoute.Legacy.csproj]
E:\kunkun\SonarSwitch\SonicRoute\QuickPanelWindow.xaml.cs(505,25): warning CS8602: 解引用可能出现空引用。 [E:\kunkun\SonarSwitch\SonicRoute.Legacy\SonicRoute.Legacy.csproj]
E:\kunkun\SonarSwitch\SonicRoute\QuickPanelModernWindow.xaml.cs(1219,35): warning CS8601: 可能的 null 引用赋值。 [E:\kunkun\SonarSwitch\SonicRoute.Legacy\SonicRoute.Legacy.csproj]
E:\kunkun\SonarSwitch\SonicRoute\QuickPanelModernWindow.xaml.cs(1241,25): warning CS8602: 解引用可能出现空引用。 [E:\kunkun\SonarSwitch\SonicRoute.Legacy\SonicRoute.Legacy.csproj]
E:\kunkun\SonarSwitch\SonicRoute\MainWindow.xaml.cs(575,39): warning CS8601: 可能的 null 引用赋值。 [E:\kunkun\SonarSwitch\SonicRoute.Legacy\SonicRoute.Legacy.csproj]
E:\kunkun\SonarSwitch\SonicRoute\MainWindow.xaml.cs(915,69): warning CS8604: “bool Dictionary<string, string>.Remove(string key)”中的形参“key”可能传入 null 引用实参。 [E:\kunkun\SonarSwitch\SonicRoute.Legacy\SonicRoute.Legacy.csproj]
E:\kunkun\SonarSwitch\SonicRoute\MainWindow.xaml.cs(916,35): warning CS8604: “string Dictionary<string, string>.this[string key]”中的形参“key”可能传入 null 引用实参。 [E:\kunkun\SonarSwitch\SonicRoute.Legacy\SonicRoute.Legacy.csproj]
E:\kunkun\SonarSwitch\SonicRoute\MainWindow.xaml.cs(982,53): warning CS8604: “bool List<string>.Contains(string item)”中的形参“item”可能传入 null 引用实参。 [E:\kunkun\SonarSwitch\SonicRoute.Legacy\SonicRoute.Legacy.csproj]
E:\kunkun\SonarSwitch\SonicRoute\MainWindow.xaml.cs(1020,73): warning CS8604: “bool List<string>.Contains(string item)”中的形参“item”可能传入 null 引用实参。 [E:\kunkun\SonarSwitch\SonicRoute.Legacy\SonicRoute.Legacy.csproj]
E:\kunkun\SonarSwitch\SonicRoute\MainWindow.xaml.cs(1035,29): warning CS8604: “void List<string>.Add(string item)”中的形参“item”可能传入 null 引用实参。 [E:\kunkun\SonarSwitch\SonicRoute.Legacy\SonicRoute.Legacy.csproj]
E:\kunkun\SonarSwitch\SonicRoute\MainWindow.xaml.cs(2870,40): warning CS8604: “bool? MainWindow.IsNewerVersion(string remoteTag)”中的形参“remoteTag”可能传入 null 引用实参。 [E:\kunkun\SonarSwitch\SonicRoute.Legacy\SonicRoute.Legacy.csproj]
E:\kunkun\SonarSwitch\SonicRoute\MainWindow.xaml.cs(3051,25): warning CS8602: 解引用可能出现空引用。 [E:\kunkun\SonarSwitch\SonicRoute.Legacy\SonicRoute.Legacy.csproj]
E:\kunkun\SonarSwitch\SonicRoute\MainWindow.xaml.cs(3596,71): warning CS8602: 解引用可能出现空引用。 [E:\kunkun\SonarSwitch\SonicRoute.Legacy\SonicRoute.Legacy.csproj]
  SonicRoute.Legacy -> E:\kunkun\SonarSwitch\dist\SonicRoute-v1.21-Legacy-x64-automation-editor\SonicRoute.exe

已成功生成。

E:\kunkun\SonarSwitch\SonicRoute.Core\AppDisplayName.cs(15,42): warning CS8604: “bool Dictionary<string, string>.TryGetValue(string key, out string value)”中的形参“key”可能传入 null 引用实参。 [E:\kunkun\SonarSwitch\SonicRoute.Core\SonicRoute.Core.csproj::TargetFramework=net48]
E:\kunkun\SonarSwitch\SonicRoute.Core\SystemVolumeService.cs(28,44): warning CS8604: “int IMMDeviceEnumerator.GetDevice(string pwstrId, out IMMDevice ppDevice)”中的形参“pwstrId”可能传入 null 引用实参。 [E:\kunkun\SonarSwitch\SonicRoute.Core\SonicRoute.Core.csproj::TargetFramework=net48]
E:\kunkun\SonarSwitch\SonicRoute.Core\AudioService.cs(356,61): warning CS8625: 无法将 null 字面量转换为非 null 的引用类型。 [E:\kunkun\SonarSwitch\SonicRoute.Core\SonicRoute.Core.csproj::TargetFramework=net48]
E:\kunkun\SonarSwitch\SonicRoute.Core\AudioService.cs(406,51): warning CS8625: 无法将 null 字面量转换为非 null 的引用类型。 [E:\kunkun\SonarSwitch\SonicRoute.Core\SonicRoute.Core.csproj::TargetFramework=net48]
E:\kunkun\SonarSwitch\SonicRoute.Core\AudioService.cs(408,51): warning CS8625: 无法将 null 字面量转换为非 null 的引用类型。 [E:\kunkun\SonarSwitch\SonicRoute.Core\SonicRoute.Core.csproj::TargetFramework=net48]
E:\kunkun\SonarSwitch\SonicRoute\AppIconService.cs(44,33): warning CS8604: “ImageSource? AppIconService.GetOrExtract(string exe)”中的形参“exe”可能传入 null 引用实参。 [E:\kunkun\SonarSwitch\SonicRoute.Legacy\SonicRoute.Legacy_eb401dy5_wpftmp.csproj]
E:\kunkun\SonarSwitch\SonicRoute\AppIconService.cs(51,33): warning CS8604: “ImageSource? AppIconService.GetOrExtract(string exe)”中的形参“exe”可能传入 null 引用实参。 [E:\kunkun\SonarSwitch\SonicRoute.Legacy\SonicRoute.Legacy_eb401dy5_wpftmp.csproj]
E:\kunkun\SonarSwitch\SonicRoute\CurrentAppService.cs(67,80): warning CS8604: “bool List<string>.Contains(string item)”中的形参“item”可能传入 null 引用实参。 [E:\kunkun\SonarSwitch\SonicRoute.Legacy\SonicRoute.Legacy_eb401dy5_wpftmp.csproj]
E:\kunkun\SonarSwitch\SonicRoute\L10n.cs(114,38): warning CS8602: 解引用可能出现空引用。 [E:\kunkun\SonarSwitch\SonicRoute.Legacy\SonicRoute.Legacy_eb401dy5_wpftmp.csproj]
E:\kunkun\SonarSwitch\SonicRoute\CurrentAppService.cs(83,80): warning CS8604: “bool List<string>.Contains(string item)”中的形参“item”可能传入 null 引用实参。 [E:\kunkun\SonarSwitch\SonicRoute.Legacy\SonicRoute.Legacy_eb401dy5_wpftmp.csproj]
E:\kunkun\SonarSwitch\SonicRoute\HotkeyService.cs(132,27): warning CS8604: “bool HotkeyService.TryParse(string combo, out uint mods, out uint vk)”中的形参“combo”可能传入 null 引用实参。 [E:\kunkun\SonarSwitch\SonicRoute.Legacy\SonicRoute.Legacy_eb401dy5_wpftmp.csproj]
E:\kunkun\SonarSwitch\SonicRoute\QuickPanelWindow.xaml.cs(310,35): warning CS8601: 可能的 null 引用赋值。 [E:\kunkun\SonarSwitch\SonicRoute.Legacy\SonicRoute.Legacy_eb401dy5_wpftmp.csproj]
E:\kunkun\SonarSwitch\SonicRoute\App.xaml.cs(450,30): warning CS8602: 解引用可能出现空引用。 [E:\kunkun\SonarSwitch\SonicRoute.Legacy\SonicRoute.Legacy_eb401dy5_wpftmp.csproj]
E:\kunkun\SonarSwitch\SonicRoute\QuickPanelWindow.xaml.cs(505,25): warning CS8602: 解引用可能出现空引用。 [E:\kunkun\SonarSwitch\SonicRoute.Legacy\SonicRoute.Legacy_eb401dy5_wpftmp.csproj]
E:\kunkun\SonarSwitch\SonicRoute\MainWindow.xaml.cs(575,39): warning CS8601: 可能的 null 引用赋值。 [E:\kunkun\SonarSwitch\SonicRoute.Legacy\SonicRoute.Legacy_eb401dy5_wpftmp.csproj]
E:\kunkun\SonarSwitch\SonicRoute\QuickPanelModernWindow.xaml.cs(1219,35): warning CS8601: 可能的 null 引用赋值。 [E:\kunkun\SonarSwitch\SonicRoute.Legacy\SonicRoute.Legacy_eb401dy5_wpftmp.csproj]
E:\kunkun\SonarSwitch\SonicRoute\QuickPanelModernWindow.xaml.cs(1241,25): warning CS8602: 解引用可能出现空引用。 [E:\kunkun\SonarSwitch\SonicRoute.Legacy\SonicRoute.Legacy_eb401dy5_wpftmp.csproj]
E:\kunkun\SonarSwitch\SonicRoute\MainWindow.xaml.cs(915,69): warning CS8604: “bool Dictionary<string, string>.Remove(string key)”中的形参“key”可能传入 null 引用实参。 [E:\kunkun\SonarSwitch\SonicRoute.Legacy\SonicRoute.Legacy_eb401dy5_wpftmp.csproj]
E:\kunkun\SonarSwitch\SonicRoute\MainWindow.xaml.cs(916,35): warning CS8604: “string Dictionary<string, string>.this[string key]”中的形参“key”可能传入 null 引用实参。 [E:\kunkun\SonarSwitch\SonicRoute.Legacy\SonicRoute.Legacy_eb401dy5_wpftmp.csproj]
E:\kunkun\SonarSwitch\SonicRoute\MainWindow.xaml.cs(982,53): warning CS8604: “bool List<string>.Contains(string item)”中的形参“item”可能传入 null 引用实参。 [E:\kunkun\SonarSwitch\SonicRoute.Legacy\SonicRoute.Legacy_eb401dy5_wpftmp.csproj]
E:\kunkun\SonarSwitch\SonicRoute\MainWindow.xaml.cs(1020,73): warning CS8604: “bool List<string>.Contains(string item)”中的形参“item”可能传入 null 引用实参。 [E:\kunkun\SonarSwitch\SonicRoute.Legacy\SonicRoute.Legacy_eb401dy5_wpftmp.csproj]
E:\kunkun\SonarSwitch\SonicRoute\MainWindow.xaml.cs(1035,29): warning CS8604: “void List<string>.Add(string item)”中的形参“item”可能传入 null 引用实参。 [E:\kunkun\SonarSwitch\SonicRoute.Legacy\SonicRoute.Legacy_eb401dy5_wpftmp.csproj]
E:\kunkun\SonarSwitch\SonicRoute\MainWindow.xaml.cs(2870,40): warning CS8604: “bool? MainWindow.IsNewerVersion(string remoteTag)”中的形参“remoteTag”可能传入 null 引用实参。 [E:\kunkun\SonarSwitch\SonicRoute.Legacy\SonicRoute.Legacy_eb401dy5_wpftmp.csproj]
E:\kunkun\SonarSwitch\SonicRoute\MainWindow.xaml.cs(3051,25): warning CS8602: 解引用可能出现空引用。 [E:\kunkun\SonarSwitch\SonicRoute.Legacy\SonicRoute.Legacy_eb401dy5_wpftmp.csproj]
E:\kunkun\SonarSwitch\SonicRoute\MainWindow.xaml.cs(3596,71): warning CS8602: 解引用可能出现空引用。 [E:\kunkun\SonarSwitch\SonicRoute.Legacy\SonicRoute.Legacy_eb401dy5_wpftmp.csproj]
E:\kunkun\SonarSwitch\SonicRoute\AppIconService.cs(44,33): warning CS8604: “ImageSource? AppIconService.GetOrExtract(string exe)”中的形参“exe”可能传入 null 引用实参。 [E:\kunkun\SonarSwitch\SonicRoute.Legacy\SonicRoute.Legacy.csproj]
E:\kunkun\SonarSwitch\SonicRoute\AppIconService.cs(51,33): warning CS8604: “ImageSource? AppIconService.GetOrExtract(string exe)”中的形参“exe”可能传入 null 引用实参。 [E:\kunkun\SonarSwitch\SonicRoute.Legacy\SonicRoute.Legacy.csproj]
E:\kunkun\SonarSwitch\SonicRoute\CurrentAppService.cs(67,80): warning CS8604: “bool List<string>.Contains(string item)”中的形参“item”可能传入 null 引用实参。 [E:\kunkun\SonarSwitch\SonicRoute.Legacy\SonicRoute.Legacy.csproj]
E:\kunkun\SonarSwitch\SonicRoute\CurrentAppService.cs(83,80): warning CS8604: “bool List<string>.Contains(string item)”中的形参“item”可能传入 null 引用实参。 [E:\kunkun\SonarSwitch\SonicRoute.Legacy\SonicRoute.Legacy.csproj]
E:\kunkun\SonarSwitch\SonicRoute\L10n.cs(114,38): warning CS8602: 解引用可能出现空引用。 [E:\kunkun\SonarSwitch\SonicRoute.Legacy\SonicRoute.Legacy.csproj]
E:\kunkun\SonarSwitch\SonicRoute\HotkeyService.cs(132,27): warning CS8604: “bool HotkeyService.TryParse(string combo, out uint mods, out uint vk)”中的形参“combo”可能传入 null 引用实参。 [E:\kunkun\SonarSwitch\SonicRoute.Legacy\SonicRoute.Legacy.csproj]
E:\kunkun\SonarSwitch\SonicRoute\QuickPanelWindow.xaml.cs(310,35): warning CS8601: 可能的 null 引用赋值。 [E:\kunkun\SonarSwitch\SonicRoute.Legacy\SonicRoute.Legacy.csproj]
E:\kunkun\SonarSwitch\SonicRoute\App.xaml.cs(450,30): warning CS8602: 解引用可能出现空引用。 [E:\kunkun\SonarSwitch\SonicRoute.Legacy\SonicRoute.Legacy.csproj]
E:\kunkun\SonarSwitch\SonicRoute\QuickPanelWindow.xaml.cs(505,25): warning CS8602: 解引用可能出现空引用。 [E:\kunkun\SonarSwitch\SonicRoute.Legacy\SonicRoute.Legacy.csproj]
E:\kunkun\SonarSwitch\SonicRoute\QuickPanelModernWindow.xaml.cs(1219,35): warning CS8601: 可能的 null 引用赋值。 [E:\kunkun\SonarSwitch\SonicRoute.Legacy\SonicRoute.Legacy.csproj]
E:\kunkun\SonarSwitch\SonicRoute\QuickPanelModernWindow.xaml.cs(1241,25): warning CS8602: 解引用可能出现空引用。 [E:\kunkun\SonarSwitch\SonicRoute.Legacy\SonicRoute.Legacy.csproj]
E:\kunkun\SonarSwitch\SonicRoute\MainWindow.xaml.cs(575,39): warning CS8601: 可能的 null 引用赋值。 [E:\kunkun\SonarSwitch\SonicRoute.Legacy\SonicRoute.Legacy.csproj]
E:\kunkun\SonarSwitch\SonicRoute\MainWindow.xaml.cs(915,69): warning CS8604: “bool Dictionary<string, string>.Remove(string key)”中的形参“key”可能传入 null 引用实参。 [E:\kunkun\SonarSwitch\SonicRoute.Legacy\SonicRoute.Legacy.csproj]
E:\kunkun\SonarSwitch\SonicRoute\MainWindow.xaml.cs(916,35): warning CS8604: “string Dictionary<string, string>.this[string key]”中的形参“key”可能传入 null 引用实参。 [E:\kunkun\SonarSwitch\SonicRoute.Legacy\SonicRoute.Legacy.csproj]
E:\kunkun\SonarSwitch\SonicRoute\MainWindow.xaml.cs(982,53): warning CS8604: “bool List<string>.Contains(string item)”中的形参“item”可能传入 null 引用实参。 [E:\kunkun\SonarSwitch\SonicRoute.Legacy\SonicRoute.Legacy.csproj]
E:\kunkun\SonarSwitch\SonicRoute\MainWindow.xaml.cs(1020,73): warning CS8604: “bool List<string>.Contains(string item)”中的形参“item”可能传入 null 引用实参。 [E:\kunkun\SonarSwitch\SonicRoute.Legacy\SonicRoute.Legacy.csproj]
E:\kunkun\SonarSwitch\SonicRoute\MainWindow.xaml.cs(1035,29): warning CS8604: “void List<string>.Add(string item)”中的形参“item”可能传入 null 引用实参。 [E:\kunkun\SonarSwitch\SonicRoute.Legacy\SonicRoute.Legacy.csproj]
E:\kunkun\SonarSwitch\SonicRoute\MainWindow.xaml.cs(2870,40): warning CS8604: “bool? MainWindow.IsNewerVersion(string remoteTag)”中的形参“remoteTag”可能传入 null 引用实参。 [E:\kunkun\SonarSwitch\SonicRoute.Legacy\SonicRoute.Legacy.csproj]
E:\kunkun\SonarSwitch\SonicRoute\MainWindow.xaml.cs(3051,25): warning CS8602: 解引用可能出现空引用。 [E:\kunkun\SonarSwitch\SonicRoute.Legacy\SonicRoute.Legacy.csproj]
E:\kunkun\SonarSwitch\SonicRoute\MainWindow.xaml.cs(3596,71): warning CS8602: 解引用可能出现空引用。 [E:\kunkun\SonarSwitch\SonicRoute.Legacy\SonicRoute.Legacy.csproj]
    45 个警告
    0 个错误

已用时间 00:00:02.18
