  正在确定要还原的项目…
  已还原 E:\kunkun\SonarSwitch\SonicRoute\SonicRoute.csproj (用时 92 毫秒)。
  1 个项目(共 2 个)是最新的，无法还原。
E:\kunkun\SonarSwitch\SonicRoute.Core\AudioService.cs(356,61): warning CS8625: 无法将 null 字面量转换为非 null 的引用类型。 [E:\kunkun\SonarSwitch\SonicRoute.Core\SonicRoute.Core.csproj::TargetFramework=net8.0-windows]
E:\kunkun\SonarSwitch\SonicRoute.Core\AudioService.cs(406,51): warning CS8625: 无法将 null 字面量转换为非 null 的引用类型。 [E:\kunkun\SonarSwitch\SonicRoute.Core\SonicRoute.Core.csproj::TargetFramework=net8.0-windows]
E:\kunkun\SonarSwitch\SonicRoute.Core\AudioService.cs(408,51): warning CS8625: 无法将 null 字面量转换为非 null 的引用类型。 [E:\kunkun\SonarSwitch\SonicRoute.Core\SonicRoute.Core.csproj::TargetFramework=net8.0-windows]
  SonicRoute.Core -> E:\kunkun\SonarSwitch\SonicRoute.Core\bin\Release\net8.0-windows\win-arm64\SonicRoute.Core.dll
E:\kunkun\SonarSwitch\SonicRoute\MainWindow.xaml.cs(105,45): warning CS8622: “void MainWindow.AppCombo_DropDownOpened(object sender, EventArgs e)”的参数“sender”类型中引用类型的为 Null 性与目标委托“EventHandler”不匹配(可能是由于为 Null 性特性)。 [E:\kunkun\SonarSwitch\SonicRoute\SonicRoute_f25zfavr_wpftmp.csproj]
E:\kunkun\SonarSwitch\SonicRoute\MainWindow.xaml.cs(106,51): warning CS8622: “void MainWindow.AppCombo_DropDownOpened(object sender, EventArgs e)”的参数“sender”类型中引用类型的为 Null 性与目标委托“EventHandler”不匹配(可能是由于为 Null 性特性)。 [E:\kunkun\SonarSwitch\SonicRoute\SonicRoute_f25zfavr_wpftmp.csproj]
E:\kunkun\SonarSwitch\SonicRoute\MainWindow.xaml.cs(4150,38): warning CS8622: “void MainWindow.AppCombo_DropDownOpened(object sender, EventArgs e)”的参数“sender”类型中引用类型的为 Null 性与目标委托“EventHandler”不匹配(可能是由于为 Null 性特性)。 [E:\kunkun\SonarSwitch\SonicRoute\SonicRoute_f25zfavr_wpftmp.csproj]
E:\kunkun\SonarSwitch\SonicRoute\MainWindow.xaml.cs(105,45): warning CS8622: “void MainWindow.AppCombo_DropDownOpened(object sender, EventArgs e)”的参数“sender”类型中引用类型的为 Null 性与目标委托“EventHandler”不匹配(可能是由于为 Null 性特性)。 [E:\kunkun\SonarSwitch\SonicRoute\SonicRoute.csproj]
E:\kunkun\SonarSwitch\SonicRoute\MainWindow.xaml.cs(106,51): warning CS8622: “void MainWindow.AppCombo_DropDownOpened(object sender, EventArgs e)”的参数“sender”类型中引用类型的为 Null 性与目标委托“EventHandler”不匹配(可能是由于为 Null 性特性)。 [E:\kunkun\SonarSwitch\SonicRoute\SonicRoute.csproj]
E:\kunkun\SonarSwitch\SonicRoute\MainWindow.xaml.cs(4150,38): warning CS8622: “void MainWindow.AppCombo_DropDownOpened(object sender, EventArgs e)”的参数“sender”类型中引用类型的为 Null 性与目标委托“EventHandler”不匹配(可能是由于为 Null 性特性)。 [E:\kunkun\SonarSwitch\SonicRoute\SonicRoute.csproj]
  SonicRoute -> E:\kunkun\SonarSwitch\SonicRoute\bin\Release\net8.0-windows10.0.19041.0\win-arm64\SonicRoute.dll

已成功生成。

E:\kunkun\SonarSwitch\SonicRoute.Core\AudioService.cs(356,61): warning CS8625: 无法将 null 字面量转换为非 null 的引用类型。 [E:\kunkun\SonarSwitch\SonicRoute.Core\SonicRoute.Core.csproj::TargetFramework=net8.0-windows]
E:\kunkun\SonarSwitch\SonicRoute.Core\AudioService.cs(406,51): warning CS8625: 无法将 null 字面量转换为非 null 的引用类型。 [E:\kunkun\SonarSwitch\SonicRoute.Core\SonicRoute.Core.csproj::TargetFramework=net8.0-windows]
E:\kunkun\SonarSwitch\SonicRoute.Core\AudioService.cs(408,51): warning CS8625: 无法将 null 字面量转换为非 null 的引用类型。 [E:\kunkun\SonarSwitch\SonicRoute.Core\SonicRoute.Core.csproj::TargetFramework=net8.0-windows]
E:\kunkun\SonarSwitch\SonicRoute\MainWindow.xaml.cs(105,45): warning CS8622: “void MainWindow.AppCombo_DropDownOpened(object sender, EventArgs e)”的参数“sender”类型中引用类型的为 Null 性与目标委托“EventHandler”不匹配(可能是由于为 Null 性特性)。 [E:\kunkun\SonarSwitch\SonicRoute\SonicRoute_f25zfavr_wpftmp.csproj]
E:\kunkun\SonarSwitch\SonicRoute\MainWindow.xaml.cs(106,51): warning CS8622: “void MainWindow.AppCombo_DropDownOpened(object sender, EventArgs e)”的参数“sender”类型中引用类型的为 Null 性与目标委托“EventHandler”不匹配(可能是由于为 Null 性特性)。 [E:\kunkun\SonarSwitch\SonicRoute\SonicRoute_f25zfavr_wpftmp.csproj]
E:\kunkun\SonarSwitch\SonicRoute\MainWindow.xaml.cs(4150,38): warning CS8622: “void MainWindow.AppCombo_DropDownOpened(object sender, EventArgs e)”的参数“sender”类型中引用类型的为 Null 性与目标委托“EventHandler”不匹配(可能是由于为 Null 性特性)。 [E:\kunkun\SonarSwitch\SonicRoute\SonicRoute_f25zfavr_wpftmp.csproj]
E:\kunkun\SonarSwitch\SonicRoute\MainWindow.xaml.cs(105,45): warning CS8622: “void MainWindow.AppCombo_DropDownOpened(object sender, EventArgs e)”的参数“sender”类型中引用类型的为 Null 性与目标委托“EventHandler”不匹配(可能是由于为 Null 性特性)。 [E:\kunkun\SonarSwitch\SonicRoute\SonicRoute.csproj]
E:\kunkun\SonarSwitch\SonicRoute\MainWindow.xaml.cs(106,51): warning CS8622: “void MainWindow.AppCombo_DropDownOpened(object sender, EventArgs e)”的参数“sender”类型中引用类型的为 Null 性与目标委托“EventHandler”不匹配(可能是由于为 Null 性特性)。 [E:\kunkun\SonarSwitch\SonicRoute\SonicRoute.csproj]
E:\kunkun\SonarSwitch\SonicRoute\MainWindow.xaml.cs(4150,38): warning CS8622: “void MainWindow.AppCombo_DropDownOpened(object sender, EventArgs e)”的参数“sender”类型中引用类型的为 Null 性与目标委托“EventHandler”不匹配(可能是由于为 Null 性特性)。 [E:\kunkun\SonarSwitch\SonicRoute\SonicRoute.csproj]
    9 个警告
    0 个错误

已用时间 00:00:02.50
