  正在确定要还原的项目…
  已还原 E:\kunkun\SonarSwitch\dist\v121-close-resources\candidate\source\SonicRoute\SonicRoute.csproj (用时 206 毫秒)。
  已还原 E:\kunkun\SonarSwitch\dist\v121-close-resources\candidate\source\SonicRoute.Core\SonicRoute.Core.csproj (用时 211 毫秒)。
E:\kunkun\SonarSwitch\dist\v121-close-resources\candidate\source\SonicRoute.Core\Interop\PolicyConfigClient.cs(69,13): warning CS0162: 检测到无法访问的代码 [E:\kunkun\SonarSwitch\dist\v121-close-resources\candidate\source\SonicRoute.Core\SonicRoute.Core.csproj::TargetFramework=net8.0-windows]
E:\kunkun\SonarSwitch\dist\v121-close-resources\candidate\source\SonicRoute.Core\SessionVolumeService.cs(93,13): warning CS0162: 检测到无法访问的代码 [E:\kunkun\SonarSwitch\dist\v121-close-resources\candidate\source\SonicRoute.Core\SonicRoute.Core.csproj::TargetFramework=net8.0-windows]
E:\kunkun\SonarSwitch\dist\v121-close-resources\candidate\source\SonicRoute.Core\AudioService.cs(347,13): warning CS0162: 检测到无法访问的代码 [E:\kunkun\SonarSwitch\dist\v121-close-resources\candidate\source\SonicRoute.Core\SonicRoute.Core.csproj::TargetFramework=net8.0-windows]
E:\kunkun\SonarSwitch\dist\v121-close-resources\candidate\source\SonicRoute.Core\AudioService.cs(403,51): warning CS8625: 无法将 null 字面量转换为非 null 的引用类型。 [E:\kunkun\SonarSwitch\dist\v121-close-resources\candidate\source\SonicRoute.Core\SonicRoute.Core.csproj::TargetFramework=net8.0-windows]
E:\kunkun\SonarSwitch\dist\v121-close-resources\candidate\source\SonicRoute.Core\AudioService.cs(405,51): warning CS8625: 无法将 null 字面量转换为非 null 的引用类型。 [E:\kunkun\SonarSwitch\dist\v121-close-resources\candidate\source\SonicRoute.Core\SonicRoute.Core.csproj::TargetFramework=net8.0-windows]
  SonicRoute.Core -> E:\kunkun\SonarSwitch\dist\v121-close-resources\candidate\source\SonicRoute.Core\bin\Release\net8.0-windows\win-x64\SonicRoute.Core.dll
E:\kunkun\SonarSwitch\dist\v121-close-resources\candidate\source\SonicRoute\QuickPanelPosition.cs(24,13): warning CS0162: 检测到无法访问的代码 [E:\kunkun\SonarSwitch\dist\v121-close-resources\candidate\source\SonicRoute\SonicRoute_jr1i5dgz_wpftmp.csproj]
E:\kunkun\SonarSwitch\dist\v121-close-resources\candidate\source\SonicRoute\App.xaml.cs(633,13): warning CS0162: 检测到无法访问的代码 [E:\kunkun\SonarSwitch\dist\v121-close-resources\candidate\source\SonicRoute\SonicRoute_jr1i5dgz_wpftmp.csproj]
E:\kunkun\SonarSwitch\dist\v121-close-resources\candidate\source\SonicRoute\MainWindow.xaml.cs(106,45): warning CS8622: “void MainWindow.AppCombo_DropDownOpened(object sender, EventArgs e)”的参数“sender”类型中引用类型的为 Null 性与目标委托“EventHandler”不匹配(可能是由于为 Null 性特性)。 [E:\kunkun\SonarSwitch\dist\v121-close-resources\candidate\source\SonicRoute\SonicRoute_jr1i5dgz_wpftmp.csproj]
E:\kunkun\SonarSwitch\dist\v121-close-resources\candidate\source\SonicRoute\MainWindow.xaml.cs(107,51): warning CS8622: “void MainWindow.AppCombo_DropDownOpened(object sender, EventArgs e)”的参数“sender”类型中引用类型的为 Null 性与目标委托“EventHandler”不匹配(可能是由于为 Null 性特性)。 [E:\kunkun\SonarSwitch\dist\v121-close-resources\candidate\source\SonicRoute\SonicRoute_jr1i5dgz_wpftmp.csproj]
E:\kunkun\SonarSwitch\dist\v121-close-resources\candidate\source\SonicRoute\MainWindow.xaml.cs(2603,13): warning CS0162: 检测到无法访问的代码 [E:\kunkun\SonarSwitch\dist\v121-close-resources\candidate\source\SonicRoute\SonicRoute_jr1i5dgz_wpftmp.csproj]
E:\kunkun\SonarSwitch\dist\v121-close-resources\candidate\source\SonicRoute\MainWindow.xaml.cs(3936,38): warning CS8622: “void MainWindow.AppCombo_DropDownOpened(object sender, EventArgs e)”的参数“sender”类型中引用类型的为 Null 性与目标委托“EventHandler”不匹配(可能是由于为 Null 性特性)。 [E:\kunkun\SonarSwitch\dist\v121-close-resources\candidate\source\SonicRoute\SonicRoute_jr1i5dgz_wpftmp.csproj]
E:\kunkun\SonarSwitch\dist\v121-close-resources\candidate\source\SonicRoute\QuickPanelPosition.cs(24,13): warning CS0162: 检测到无法访问的代码 [E:\kunkun\SonarSwitch\dist\v121-close-resources\candidate\source\SonicRoute\SonicRoute.csproj]
E:\kunkun\SonarSwitch\dist\v121-close-resources\candidate\source\SonicRoute\App.xaml.cs(633,13): warning CS0162: 检测到无法访问的代码 [E:\kunkun\SonarSwitch\dist\v121-close-resources\candidate\source\SonicRoute\SonicRoute.csproj]
E:\kunkun\SonarSwitch\dist\v121-close-resources\candidate\source\SonicRoute\MainWindow.xaml.cs(106,45): warning CS8622: “void MainWindow.AppCombo_DropDownOpened(object sender, EventArgs e)”的参数“sender”类型中引用类型的为 Null 性与目标委托“EventHandler”不匹配(可能是由于为 Null 性特性)。 [E:\kunkun\SonarSwitch\dist\v121-close-resources\candidate\source\SonicRoute\SonicRoute.csproj]
E:\kunkun\SonarSwitch\dist\v121-close-resources\candidate\source\SonicRoute\MainWindow.xaml.cs(107,51): warning CS8622: “void MainWindow.AppCombo_DropDownOpened(object sender, EventArgs e)”的参数“sender”类型中引用类型的为 Null 性与目标委托“EventHandler”不匹配(可能是由于为 Null 性特性)。 [E:\kunkun\SonarSwitch\dist\v121-close-resources\candidate\source\SonicRoute\SonicRoute.csproj]
E:\kunkun\SonarSwitch\dist\v121-close-resources\candidate\source\SonicRoute\MainWindow.xaml.cs(2603,13): warning CS0162: 检测到无法访问的代码 [E:\kunkun\SonarSwitch\dist\v121-close-resources\candidate\source\SonicRoute\SonicRoute.csproj]
E:\kunkun\SonarSwitch\dist\v121-close-resources\candidate\source\SonicRoute\MainWindow.xaml.cs(3936,38): warning CS8622: “void MainWindow.AppCombo_DropDownOpened(object sender, EventArgs e)”的参数“sender”类型中引用类型的为 Null 性与目标委托“EventHandler”不匹配(可能是由于为 Null 性特性)。 [E:\kunkun\SonarSwitch\dist\v121-close-resources\candidate\source\SonicRoute\SonicRoute.csproj]
  SonicRoute -> E:\kunkun\SonarSwitch\dist\v121-close-resources\candidate\source\SonicRoute\bin\Release\net8.0-windows10.0.19041.0\win-x64\SonicRoute.dll
  SonicRoute -> E:\kunkun\SonarSwitch\dist\v121-close-resources\isolated-release\
