  正在确定要还原的项目…
  已还原 E:\kunkun\SonarSwitch\dist\v121-input-picker\review\runner\PerfReview.csproj (用时 219 毫秒)。
  已还原 E:\kunkun\SonarSwitch\dist\v121-input-picker\review\source\SonicRoute.Legacy\SonicRoute.Legacy.csproj (用时 219 毫秒)。
  2 个项目(共 4 个)是最新的，无法还原。
  SonicRoute.Core -> E:\kunkun\SonarSwitch\dist\v121-input-picker\review\bin-legacy\SonicRoute.Core.dll
E:\kunkun\SonarSwitch\dist\v121-input-picker\review\source\SonicRoute\AppIconService.cs(44,33): warning CS8604: “ImageSource? AppIconService.GetOrExtract(string exe)”中的形参“exe”可能传入 null 引用实参。 [E:\kunkun\SonarSwitch\dist\v121-input-picker\review\source\SonicRoute.Legacy\SonicRoute.Legacy_5xe0trdo_wpftmp.csproj]
E:\kunkun\SonarSwitch\dist\v121-input-picker\review\source\SonicRoute\AppIconService.cs(51,33): warning CS8604: “ImageSource? AppIconService.GetOrExtract(string exe)”中的形参“exe”可能传入 null 引用实参。 [E:\kunkun\SonarSwitch\dist\v121-input-picker\review\source\SonicRoute.Legacy\SonicRoute.Legacy_5xe0trdo_wpftmp.csproj]
E:\kunkun\SonarSwitch\dist\v121-input-picker\review\source\SonicRoute\CurrentAppService.cs(67,80): warning CS8604: “bool List<string>.Contains(string item)”中的形参“item”可能传入 null 引用实参。 [E:\kunkun\SonarSwitch\dist\v121-input-picker\review\source\SonicRoute.Legacy\SonicRoute.Legacy_5xe0trdo_wpftmp.csproj]
E:\kunkun\SonarSwitch\dist\v121-input-picker\review\source\SonicRoute\CurrentAppService.cs(83,80): warning CS8604: “bool List<string>.Contains(string item)”中的形参“item”可能传入 null 引用实参。 [E:\kunkun\SonarSwitch\dist\v121-input-picker\review\source\SonicRoute.Legacy\SonicRoute.Legacy_5xe0trdo_wpftmp.csproj]
E:\kunkun\SonarSwitch\dist\v121-input-picker\review\source\SonicRoute\HotkeyService.cs(132,27): warning CS8604: “bool HotkeyService.TryParse(string combo, out uint mods, out uint vk)”中的形参“combo”可能传入 null 引用实参。 [E:\kunkun\SonarSwitch\dist\v121-input-picker\review\source\SonicRoute.Legacy\SonicRoute.Legacy_5xe0trdo_wpftmp.csproj]
E:\kunkun\SonarSwitch\dist\v121-input-picker\review\source\SonicRoute\L10n.cs(114,38): warning CS8602: 解引用可能出现空引用。 [E:\kunkun\SonarSwitch\dist\v121-input-picker\review\source\SonicRoute.Legacy\SonicRoute.Legacy_5xe0trdo_wpftmp.csproj]
E:\kunkun\SonarSwitch\dist\v121-input-picker\review\source\SonicRoute\QuickPanelWindow.xaml.cs(310,35): warning CS8601: 可能的 null 引用赋值。 [E:\kunkun\SonarSwitch\dist\v121-input-picker\review\source\SonicRoute.Legacy\SonicRoute.Legacy_5xe0trdo_wpftmp.csproj]
E:\kunkun\SonarSwitch\dist\v121-input-picker\review\source\SonicRoute\QuickPanelWindow.xaml.cs(505,25): warning CS8602: 解引用可能出现空引用。 [E:\kunkun\SonarSwitch\dist\v121-input-picker\review\source\SonicRoute.Legacy\SonicRoute.Legacy_5xe0trdo_wpftmp.csproj]
E:\kunkun\SonarSwitch\dist\v121-input-picker\review\source\SonicRoute\App.xaml.cs(451,30): warning CS8602: 解引用可能出现空引用。 [E:\kunkun\SonarSwitch\dist\v121-input-picker\review\source\SonicRoute.Legacy\SonicRoute.Legacy_5xe0trdo_wpftmp.csproj]
E:\kunkun\SonarSwitch\dist\v121-input-picker\review\source\SonicRoute\MainWindow.xaml.cs(573,39): warning CS8601: 可能的 null 引用赋值。 [E:\kunkun\SonarSwitch\dist\v121-input-picker\review\source\SonicRoute.Legacy\SonicRoute.Legacy_5xe0trdo_wpftmp.csproj]
E:\kunkun\SonarSwitch\dist\v121-input-picker\review\source\SonicRoute\QuickPanelModernWindow.xaml.cs(1219,35): warning CS8601: 可能的 null 引用赋值。 [E:\kunkun\SonarSwitch\dist\v121-input-picker\review\source\SonicRoute.Legacy\SonicRoute.Legacy_5xe0trdo_wpftmp.csproj]
E:\kunkun\SonarSwitch\dist\v121-input-picker\review\source\SonicRoute\QuickPanelModernWindow.xaml.cs(1241,25): warning CS8602: 解引用可能出现空引用。 [E:\kunkun\SonarSwitch\dist\v121-input-picker\review\source\SonicRoute.Legacy\SonicRoute.Legacy_5xe0trdo_wpftmp.csproj]
E:\kunkun\SonarSwitch\dist\v121-input-picker\review\source\SonicRoute\MainWindow.xaml.cs(913,69): warning CS8604: “bool Dictionary<string, string>.Remove(string key)”中的形参“key”可能传入 null 引用实参。 [E:\kunkun\SonarSwitch\dist\v121-input-picker\review\source\SonicRoute.Legacy\SonicRoute.Legacy_5xe0trdo_wpftmp.csproj]
E:\kunkun\SonarSwitch\dist\v121-input-picker\review\source\SonicRoute\MainWindow.xaml.cs(914,35): warning CS8604: “string Dictionary<string, string>.this[string key]”中的形参“key”可能传入 null 引用实参。 [E:\kunkun\SonarSwitch\dist\v121-input-picker\review\source\SonicRoute.Legacy\SonicRoute.Legacy_5xe0trdo_wpftmp.csproj]
E:\kunkun\SonarSwitch\dist\v121-input-picker\review\source\SonicRoute\MainWindow.xaml.cs(980,53): warning CS8604: “bool List<string>.Contains(string item)”中的形参“item”可能传入 null 引用实参。 [E:\kunkun\SonarSwitch\dist\v121-input-picker\review\source\SonicRoute.Legacy\SonicRoute.Legacy_5xe0trdo_wpftmp.csproj]
E:\kunkun\SonarSwitch\dist\v121-input-picker\review\source\SonicRoute\MainWindow.xaml.cs(1018,73): warning CS8604: “bool List<string>.Contains(string item)”中的形参“item”可能传入 null 引用实参。 [E:\kunkun\SonarSwitch\dist\v121-input-picker\review\source\SonicRoute.Legacy\SonicRoute.Legacy_5xe0trdo_wpftmp.csproj]
E:\kunkun\SonarSwitch\dist\v121-input-picker\review\source\SonicRoute\MainWindow.xaml.cs(1033,29): warning CS8604: “void List<string>.Add(string item)”中的形参“item”可能传入 null 引用实参。 [E:\kunkun\SonarSwitch\dist\v121-input-picker\review\source\SonicRoute.Legacy\SonicRoute.Legacy_5xe0trdo_wpftmp.csproj]
E:\kunkun\SonarSwitch\dist\v121-input-picker\review\source\SonicRoute\MainWindow.xaml.cs(2704,40): warning CS8604: “bool? MainWindow.IsNewerVersion(string remoteTag)”中的形参“remoteTag”可能传入 null 引用实参。 [E:\kunkun\SonarSwitch\dist\v121-input-picker\review\source\SonicRoute.Legacy\SonicRoute.Legacy_5xe0trdo_wpftmp.csproj]
E:\kunkun\SonarSwitch\dist\v121-input-picker\review\source\SonicRoute\MainWindow.xaml.cs(2885,25): warning CS8602: 解引用可能出现空引用。 [E:\kunkun\SonarSwitch\dist\v121-input-picker\review\source\SonicRoute.Legacy\SonicRoute.Legacy_5xe0trdo_wpftmp.csproj]
E:\kunkun\SonarSwitch\dist\v121-input-picker\review\source\SonicRoute\MainWindow.xaml.cs(3418,71): warning CS8602: 解引用可能出现空引用。 [E:\kunkun\SonarSwitch\dist\v121-input-picker\review\source\SonicRoute.Legacy\SonicRoute.Legacy_5xe0trdo_wpftmp.csproj]
E:\kunkun\SonarSwitch\dist\v121-input-picker\review\source\SonicRoute\AppIconService.cs(44,33): warning CS8604: “ImageSource? AppIconService.GetOrExtract(string exe)”中的形参“exe”可能传入 null 引用实参。 [E:\kunkun\SonarSwitch\dist\v121-input-picker\review\source\SonicRoute.Legacy\SonicRoute.Legacy.csproj]
E:\kunkun\SonarSwitch\dist\v121-input-picker\review\source\SonicRoute\AppIconService.cs(51,33): warning CS8604: “ImageSource? AppIconService.GetOrExtract(string exe)”中的形参“exe”可能传入 null 引用实参。 [E:\kunkun\SonarSwitch\dist\v121-input-picker\review\source\SonicRoute.Legacy\SonicRoute.Legacy.csproj]
E:\kunkun\SonarSwitch\dist\v121-input-picker\review\source\SonicRoute\CurrentAppService.cs(67,80): warning CS8604: “bool List<string>.Contains(string item)”中的形参“item”可能传入 null 引用实参。 [E:\kunkun\SonarSwitch\dist\v121-input-picker\review\source\SonicRoute.Legacy\SonicRoute.Legacy.csproj]
E:\kunkun\SonarSwitch\dist\v121-input-picker\review\source\SonicRoute\HotkeyService.cs(132,27): warning CS8604: “bool HotkeyService.TryParse(string combo, out uint mods, out uint vk)”中的形参“combo”可能传入 null 引用实参。 [E:\kunkun\SonarSwitch\dist\v121-input-picker\review\source\SonicRoute.Legacy\SonicRoute.Legacy.csproj]
E:\kunkun\SonarSwitch\dist\v121-input-picker\review\source\SonicRoute\CurrentAppService.cs(83,80): warning CS8604: “bool List<string>.Contains(string item)”中的形参“item”可能传入 null 引用实参。 [E:\kunkun\SonarSwitch\dist\v121-input-picker\review\source\SonicRoute.Legacy\SonicRoute.Legacy.csproj]
E:\kunkun\SonarSwitch\dist\v121-input-picker\review\source\SonicRoute\L10n.cs(114,38): warning CS8602: 解引用可能出现空引用。 [E:\kunkun\SonarSwitch\dist\v121-input-picker\review\source\SonicRoute.Legacy\SonicRoute.Legacy.csproj]
E:\kunkun\SonarSwitch\dist\v121-input-picker\review\source\SonicRoute\QuickPanelWindow.xaml.cs(310,35): warning CS8601: 可能的 null 引用赋值。 [E:\kunkun\SonarSwitch\dist\v121-input-picker\review\source\SonicRoute.Legacy\SonicRoute.Legacy.csproj]
E:\kunkun\SonarSwitch\dist\v121-input-picker\review\source\SonicRoute\App.xaml.cs(451,30): warning CS8602: 解引用可能出现空引用。 [E:\kunkun\SonarSwitch\dist\v121-input-picker\review\source\SonicRoute.Legacy\SonicRoute.Legacy.csproj]
E:\kunkun\SonarSwitch\dist\v121-input-picker\review\source\SonicRoute\QuickPanelWindow.xaml.cs(505,25): warning CS8602: 解引用可能出现空引用。 [E:\kunkun\SonarSwitch\dist\v121-input-picker\review\source\SonicRoute.Legacy\SonicRoute.Legacy.csproj]
E:\kunkun\SonarSwitch\dist\v121-input-picker\review\source\SonicRoute\QuickPanelModernWindow.xaml.cs(1219,35): warning CS8601: 可能的 null 引用赋值。 [E:\kunkun\SonarSwitch\dist\v121-input-picker\review\source\SonicRoute.Legacy\SonicRoute.Legacy.csproj]
E:\kunkun\SonarSwitch\dist\v121-input-picker\review\source\SonicRoute\QuickPanelModernWindow.xaml.cs(1241,25): warning CS8602: 解引用可能出现空引用。 [E:\kunkun\SonarSwitch\dist\v121-input-picker\review\source\SonicRoute.Legacy\SonicRoute.Legacy.csproj]
E:\kunkun\SonarSwitch\dist\v121-input-picker\review\source\SonicRoute\MainWindow.xaml.cs(573,39): warning CS8601: 可能的 null 引用赋值。 [E:\kunkun\SonarSwitch\dist\v121-input-picker\review\source\SonicRoute.Legacy\SonicRoute.Legacy.csproj]
E:\kunkun\SonarSwitch\dist\v121-input-picker\review\source\SonicRoute\MainWindow.xaml.cs(913,69): warning CS8604: “bool Dictionary<string, string>.Remove(string key)”中的形参“key”可能传入 null 引用实参。 [E:\kunkun\SonarSwitch\dist\v121-input-picker\review\source\SonicRoute.Legacy\SonicRoute.Legacy.csproj]
E:\kunkun\SonarSwitch\dist\v121-input-picker\review\source\SonicRoute\MainWindow.xaml.cs(914,35): warning CS8604: “string Dictionary<string, string>.this[string key]”中的形参“key”可能传入 null 引用实参。 [E:\kunkun\SonarSwitch\dist\v121-input-picker\review\source\SonicRoute.Legacy\SonicRoute.Legacy.csproj]
E:\kunkun\SonarSwitch\dist\v121-input-picker\review\source\SonicRoute\MainWindow.xaml.cs(980,53): warning CS8604: “bool List<string>.Contains(string item)”中的形参“item”可能传入 null 引用实参。 [E:\kunkun\SonarSwitch\dist\v121-input-picker\review\source\SonicRoute.Legacy\SonicRoute.Legacy.csproj]
E:\kunkun\SonarSwitch\dist\v121-input-picker\review\source\SonicRoute\MainWindow.xaml.cs(1018,73): warning CS8604: “bool List<string>.Contains(string item)”中的形参“item”可能传入 null 引用实参。 [E:\kunkun\SonarSwitch\dist\v121-input-picker\review\source\SonicRoute.Legacy\SonicRoute.Legacy.csproj]
E:\kunkun\SonarSwitch\dist\v121-input-picker\review\source\SonicRoute\MainWindow.xaml.cs(1033,29): warning CS8604: “void List<string>.Add(string item)”中的形参“item”可能传入 null 引用实参。 [E:\kunkun\SonarSwitch\dist\v121-input-picker\review\source\SonicRoute.Legacy\SonicRoute.Legacy.csproj]
E:\kunkun\SonarSwitch\dist\v121-input-picker\review\source\SonicRoute\MainWindow.xaml.cs(2704,40): warning CS8604: “bool? MainWindow.IsNewerVersion(string remoteTag)”中的形参“remoteTag”可能传入 null 引用实参。 [E:\kunkun\SonarSwitch\dist\v121-input-picker\review\source\SonicRoute.Legacy\SonicRoute.Legacy.csproj]
E:\kunkun\SonarSwitch\dist\v121-input-picker\review\source\SonicRoute\MainWindow.xaml.cs(2885,25): warning CS8602: 解引用可能出现空引用。 [E:\kunkun\SonarSwitch\dist\v121-input-picker\review\source\SonicRoute.Legacy\SonicRoute.Legacy.csproj]
E:\kunkun\SonarSwitch\dist\v121-input-picker\review\source\SonicRoute\MainWindow.xaml.cs(3418,71): warning CS8602: 解引用可能出现空引用。 [E:\kunkun\SonarSwitch\dist\v121-input-picker\review\source\SonicRoute.Legacy\SonicRoute.Legacy.csproj]
  SonicRoute.Legacy -> E:\kunkun\SonarSwitch\dist\v121-input-picker\review\bin-legacy\SonicRoute.exe
  PerfReview -> E:\kunkun\SonarSwitch\dist\v121-input-picker\review\bin-legacy\PerfReview.exe

已成功生成。

E:\kunkun\SonarSwitch\dist\v121-input-picker\review\source\SonicRoute\AppIconService.cs(44,33): warning CS8604: “ImageSource? AppIconService.GetOrExtract(string exe)”中的形参“exe”可能传入 null 引用实参。 [E:\kunkun\SonarSwitch\dist\v121-input-picker\review\source\SonicRoute.Legacy\SonicRoute.Legacy_5xe0trdo_wpftmp.csproj]
E:\kunkun\SonarSwitch\dist\v121-input-picker\review\source\SonicRoute\AppIconService.cs(51,33): warning CS8604: “ImageSource? AppIconService.GetOrExtract(string exe)”中的形参“exe”可能传入 null 引用实参。 [E:\kunkun\SonarSwitch\dist\v121-input-picker\review\source\SonicRoute.Legacy\SonicRoute.Legacy_5xe0trdo_wpftmp.csproj]
E:\kunkun\SonarSwitch\dist\v121-input-picker\review\source\SonicRoute\CurrentAppService.cs(67,80): warning CS8604: “bool List<string>.Contains(string item)”中的形参“item”可能传入 null 引用实参。 [E:\kunkun\SonarSwitch\dist\v121-input-picker\review\source\SonicRoute.Legacy\SonicRoute.Legacy_5xe0trdo_wpftmp.csproj]
E:\kunkun\SonarSwitch\dist\v121-input-picker\review\source\SonicRoute\CurrentAppService.cs(83,80): warning CS8604: “bool List<string>.Contains(string item)”中的形参“item”可能传入 null 引用实参。 [E:\kunkun\SonarSwitch\dist\v121-input-picker\review\source\SonicRoute.Legacy\SonicRoute.Legacy_5xe0trdo_wpftmp.csproj]
E:\kunkun\SonarSwitch\dist\v121-input-picker\review\source\SonicRoute\HotkeyService.cs(132,27): warning CS8604: “bool HotkeyService.TryParse(string combo, out uint mods, out uint vk)”中的形参“combo”可能传入 null 引用实参。 [E:\kunkun\SonarSwitch\dist\v121-input-picker\review\source\SonicRoute.Legacy\SonicRoute.Legacy_5xe0trdo_wpftmp.csproj]
E:\kunkun\SonarSwitch\dist\v121-input-picker\review\source\SonicRoute\L10n.cs(114,38): warning CS8602: 解引用可能出现空引用。 [E:\kunkun\SonarSwitch\dist\v121-input-picker\review\source\SonicRoute.Legacy\SonicRoute.Legacy_5xe0trdo_wpftmp.csproj]
E:\kunkun\SonarSwitch\dist\v121-input-picker\review\source\SonicRoute\QuickPanelWindow.xaml.cs(310,35): warning CS8601: 可能的 null 引用赋值。 [E:\kunkun\SonarSwitch\dist\v121-input-picker\review\source\SonicRoute.Legacy\SonicRoute.Legacy_5xe0trdo_wpftmp.csproj]
E:\kunkun\SonarSwitch\dist\v121-input-picker\review\source\SonicRoute\QuickPanelWindow.xaml.cs(505,25): warning CS8602: 解引用可能出现空引用。 [E:\kunkun\SonarSwitch\dist\v121-input-picker\review\source\SonicRoute.Legacy\SonicRoute.Legacy_5xe0trdo_wpftmp.csproj]
E:\kunkun\SonarSwitch\dist\v121-input-picker\review\source\SonicRoute\App.xaml.cs(451,30): warning CS8602: 解引用可能出现空引用。 [E:\kunkun\SonarSwitch\dist\v121-input-picker\review\source\SonicRoute.Legacy\SonicRoute.Legacy_5xe0trdo_wpftmp.csproj]
E:\kunkun\SonarSwitch\dist\v121-input-picker\review\source\SonicRoute\MainWindow.xaml.cs(573,39): warning CS8601: 可能的 null 引用赋值。 [E:\kunkun\SonarSwitch\dist\v121-input-picker\review\source\SonicRoute.Legacy\SonicRoute.Legacy_5xe0trdo_wpftmp.csproj]
E:\kunkun\SonarSwitch\dist\v121-input-picker\review\source\SonicRoute\QuickPanelModernWindow.xaml.cs(1219,35): warning CS8601: 可能的 null 引用赋值。 [E:\kunkun\SonarSwitch\dist\v121-input-picker\review\source\SonicRoute.Legacy\SonicRoute.Legacy_5xe0trdo_wpftmp.csproj]
E:\kunkun\SonarSwitch\dist\v121-input-picker\review\source\SonicRoute\QuickPanelModernWindow.xaml.cs(1241,25): warning CS8602: 解引用可能出现空引用。 [E:\kunkun\SonarSwitch\dist\v121-input-picker\review\source\SonicRoute.Legacy\SonicRoute.Legacy_5xe0trdo_wpftmp.csproj]
E:\kunkun\SonarSwitch\dist\v121-input-picker\review\source\SonicRoute\MainWindow.xaml.cs(913,69): warning CS8604: “bool Dictionary<string, string>.Remove(string key)”中的形参“key”可能传入 null 引用实参。 [E:\kunkun\SonarSwitch\dist\v121-input-picker\review\source\SonicRoute.Legacy\SonicRoute.Legacy_5xe0trdo_wpftmp.csproj]
E:\kunkun\SonarSwitch\dist\v121-input-picker\review\source\SonicRoute\MainWindow.xaml.cs(914,35): warning CS8604: “string Dictionary<string, string>.this[string key]”中的形参“key”可能传入 null 引用实参。 [E:\kunkun\SonarSwitch\dist\v121-input-picker\review\source\SonicRoute.Legacy\SonicRoute.Legacy_5xe0trdo_wpftmp.csproj]
E:\kunkun\SonarSwitch\dist\v121-input-picker\review\source\SonicRoute\MainWindow.xaml.cs(980,53): warning CS8604: “bool List<string>.Contains(string item)”中的形参“item”可能传入 null 引用实参。 [E:\kunkun\SonarSwitch\dist\v121-input-picker\review\source\SonicRoute.Legacy\SonicRoute.Legacy_5xe0trdo_wpftmp.csproj]
E:\kunkun\SonarSwitch\dist\v121-input-picker\review\source\SonicRoute\MainWindow.xaml.cs(1018,73): warning CS8604: “bool List<string>.Contains(string item)”中的形参“item”可能传入 null 引用实参。 [E:\kunkun\SonarSwitch\dist\v121-input-picker\review\source\SonicRoute.Legacy\SonicRoute.Legacy_5xe0trdo_wpftmp.csproj]
E:\kunkun\SonarSwitch\dist\v121-input-picker\review\source\SonicRoute\MainWindow.xaml.cs(1033,29): warning CS8604: “void List<string>.Add(string item)”中的形参“item”可能传入 null 引用实参。 [E:\kunkun\SonarSwitch\dist\v121-input-picker\review\source\SonicRoute.Legacy\SonicRoute.Legacy_5xe0trdo_wpftmp.csproj]
E:\kunkun\SonarSwitch\dist\v121-input-picker\review\source\SonicRoute\MainWindow.xaml.cs(2704,40): warning CS8604: “bool? MainWindow.IsNewerVersion(string remoteTag)”中的形参“remoteTag”可能传入 null 引用实参。 [E:\kunkun\SonarSwitch\dist\v121-input-picker\review\source\SonicRoute.Legacy\SonicRoute.Legacy_5xe0trdo_wpftmp.csproj]
E:\kunkun\SonarSwitch\dist\v121-input-picker\review\source\SonicRoute\MainWindow.xaml.cs(2885,25): warning CS8602: 解引用可能出现空引用。 [E:\kunkun\SonarSwitch\dist\v121-input-picker\review\source\SonicRoute.Legacy\SonicRoute.Legacy_5xe0trdo_wpftmp.csproj]
E:\kunkun\SonarSwitch\dist\v121-input-picker\review\source\SonicRoute\MainWindow.xaml.cs(3418,71): warning CS8602: 解引用可能出现空引用。 [E:\kunkun\SonarSwitch\dist\v121-input-picker\review\source\SonicRoute.Legacy\SonicRoute.Legacy_5xe0trdo_wpftmp.csproj]
E:\kunkun\SonarSwitch\dist\v121-input-picker\review\source\SonicRoute\AppIconService.cs(44,33): warning CS8604: “ImageSource? AppIconService.GetOrExtract(string exe)”中的形参“exe”可能传入 null 引用实参。 [E:\kunkun\SonarSwitch\dist\v121-input-picker\review\source\SonicRoute.Legacy\SonicRoute.Legacy.csproj]
E:\kunkun\SonarSwitch\dist\v121-input-picker\review\source\SonicRoute\AppIconService.cs(51,33): warning CS8604: “ImageSource? AppIconService.GetOrExtract(string exe)”中的形参“exe”可能传入 null 引用实参。 [E:\kunkun\SonarSwitch\dist\v121-input-picker\review\source\SonicRoute.Legacy\SonicRoute.Legacy.csproj]
E:\kunkun\SonarSwitch\dist\v121-input-picker\review\source\SonicRoute\CurrentAppService.cs(67,80): warning CS8604: “bool List<string>.Contains(string item)”中的形参“item”可能传入 null 引用实参。 [E:\kunkun\SonarSwitch\dist\v121-input-picker\review\source\SonicRoute.Legacy\SonicRoute.Legacy.csproj]
E:\kunkun\SonarSwitch\dist\v121-input-picker\review\source\SonicRoute\HotkeyService.cs(132,27): warning CS8604: “bool HotkeyService.TryParse(string combo, out uint mods, out uint vk)”中的形参“combo”可能传入 null 引用实参。 [E:\kunkun\SonarSwitch\dist\v121-input-picker\review\source\SonicRoute.Legacy\SonicRoute.Legacy.csproj]
E:\kunkun\SonarSwitch\dist\v121-input-picker\review\source\SonicRoute\CurrentAppService.cs(83,80): warning CS8604: “bool List<string>.Contains(string item)”中的形参“item”可能传入 null 引用实参。 [E:\kunkun\SonarSwitch\dist\v121-input-picker\review\source\SonicRoute.Legacy\SonicRoute.Legacy.csproj]
E:\kunkun\SonarSwitch\dist\v121-input-picker\review\source\SonicRoute\L10n.cs(114,38): warning CS8602: 解引用可能出现空引用。 [E:\kunkun\SonarSwitch\dist\v121-input-picker\review\source\SonicRoute.Legacy\SonicRoute.Legacy.csproj]
E:\kunkun\SonarSwitch\dist\v121-input-picker\review\source\SonicRoute\QuickPanelWindow.xaml.cs(310,35): warning CS8601: 可能的 null 引用赋值。 [E:\kunkun\SonarSwitch\dist\v121-input-picker\review\source\SonicRoute.Legacy\SonicRoute.Legacy.csproj]
E:\kunkun\SonarSwitch\dist\v121-input-picker\review\source\SonicRoute\App.xaml.cs(451,30): warning CS8602: 解引用可能出现空引用。 [E:\kunkun\SonarSwitch\dist\v121-input-picker\review\source\SonicRoute.Legacy\SonicRoute.Legacy.csproj]
E:\kunkun\SonarSwitch\dist\v121-input-picker\review\source\SonicRoute\QuickPanelWindow.xaml.cs(505,25): warning CS8602: 解引用可能出现空引用。 [E:\kunkun\SonarSwitch\dist\v121-input-picker\review\source\SonicRoute.Legacy\SonicRoute.Legacy.csproj]
E:\kunkun\SonarSwitch\dist\v121-input-picker\review\source\SonicRoute\QuickPanelModernWindow.xaml.cs(1219,35): warning CS8601: 可能的 null 引用赋值。 [E:\kunkun\SonarSwitch\dist\v121-input-picker\review\source\SonicRoute.Legacy\SonicRoute.Legacy.csproj]
E:\kunkun\SonarSwitch\dist\v121-input-picker\review\source\SonicRoute\QuickPanelModernWindow.xaml.cs(1241,25): warning CS8602: 解引用可能出现空引用。 [E:\kunkun\SonarSwitch\dist\v121-input-picker\review\source\SonicRoute.Legacy\SonicRoute.Legacy.csproj]
E:\kunkun\SonarSwitch\dist\v121-input-picker\review\source\SonicRoute\MainWindow.xaml.cs(573,39): warning CS8601: 可能的 null 引用赋值。 [E:\kunkun\SonarSwitch\dist\v121-input-picker\review\source\SonicRoute.Legacy\SonicRoute.Legacy.csproj]
E:\kunkun\SonarSwitch\dist\v121-input-picker\review\source\SonicRoute\MainWindow.xaml.cs(913,69): warning CS8604: “bool Dictionary<string, string>.Remove(string key)”中的形参“key”可能传入 null 引用实参。 [E:\kunkun\SonarSwitch\dist\v121-input-picker\review\source\SonicRoute.Legacy\SonicRoute.Legacy.csproj]
E:\kunkun\SonarSwitch\dist\v121-input-picker\review\source\SonicRoute\MainWindow.xaml.cs(914,35): warning CS8604: “string Dictionary<string, string>.this[string key]”中的形参“key”可能传入 null 引用实参。 [E:\kunkun\SonarSwitch\dist\v121-input-picker\review\source\SonicRoute.Legacy\SonicRoute.Legacy.csproj]
E:\kunkun\SonarSwitch\dist\v121-input-picker\review\source\SonicRoute\MainWindow.xaml.cs(980,53): warning CS8604: “bool List<string>.Contains(string item)”中的形参“item”可能传入 null 引用实参。 [E:\kunkun\SonarSwitch\dist\v121-input-picker\review\source\SonicRoute.Legacy\SonicRoute.Legacy.csproj]
E:\kunkun\SonarSwitch\dist\v121-input-picker\review\source\SonicRoute\MainWindow.xaml.cs(1018,73): warning CS8604: “bool List<string>.Contains(string item)”中的形参“item”可能传入 null 引用实参。 [E:\kunkun\SonarSwitch\dist\v121-input-picker\review\source\SonicRoute.Legacy\SonicRoute.Legacy.csproj]
E:\kunkun\SonarSwitch\dist\v121-input-picker\review\source\SonicRoute\MainWindow.xaml.cs(1033,29): warning CS8604: “void List<string>.Add(string item)”中的形参“item”可能传入 null 引用实参。 [E:\kunkun\SonarSwitch\dist\v121-input-picker\review\source\SonicRoute.Legacy\SonicRoute.Legacy.csproj]
E:\kunkun\SonarSwitch\dist\v121-input-picker\review\source\SonicRoute\MainWindow.xaml.cs(2704,40): warning CS8604: “bool? MainWindow.IsNewerVersion(string remoteTag)”中的形参“remoteTag”可能传入 null 引用实参。 [E:\kunkun\SonarSwitch\dist\v121-input-picker\review\source\SonicRoute.Legacy\SonicRoute.Legacy.csproj]
E:\kunkun\SonarSwitch\dist\v121-input-picker\review\source\SonicRoute\MainWindow.xaml.cs(2885,25): warning CS8602: 解引用可能出现空引用。 [E:\kunkun\SonarSwitch\dist\v121-input-picker\review\source\SonicRoute.Legacy\SonicRoute.Legacy.csproj]
E:\kunkun\SonarSwitch\dist\v121-input-picker\review\source\SonicRoute\MainWindow.xaml.cs(3418,71): warning CS8602: 解引用可能出现空引用。 [E:\kunkun\SonarSwitch\dist\v121-input-picker\review\source\SonicRoute.Legacy\SonicRoute.Legacy.csproj]
    40 个警告
    0 个错误

已用时间 00:00:01.67
