E:\kunkun\SonarSwitch\dist\v121-theme-layout-perf\candidate-harness\source\SonicRoute.Core\AudioService.cs(356,61): warning CS8625: 无法将 null 字面量转换为非 null 的引用类型。 [E:\kunkun\SonarSwitch\dist\v121-theme-layout-perf\candidate-harness\source\SonicRoute.Core\SonicRoute.Core.csproj::TargetFramework=net8.0-windows]
E:\kunkun\SonarSwitch\dist\v121-theme-layout-perf\candidate-harness\source\SonicRoute.Core\AudioService.cs(406,51): warning CS8625: 无法将 null 字面量转换为非 null 的引用类型。 [E:\kunkun\SonarSwitch\dist\v121-theme-layout-perf\candidate-harness\source\SonicRoute.Core\SonicRoute.Core.csproj::TargetFramework=net8.0-windows]
E:\kunkun\SonarSwitch\dist\v121-theme-layout-perf\candidate-harness\source\SonicRoute.Core\AudioService.cs(408,51): warning CS8625: 无法将 null 字面量转换为非 null 的引用类型。 [E:\kunkun\SonarSwitch\dist\v121-theme-layout-perf\candidate-harness\source\SonicRoute.Core\SonicRoute.Core.csproj::TargetFramework=net8.0-windows]
E:\kunkun\SonarSwitch\dist\v121-theme-layout-perf\candidate-harness\source\SonicRoute\MainWindow.xaml.cs(105,45): warning CS8622: “void MainWindow.AppCombo_DropDownOpened(object sender, EventArgs e)”的参数“sender”类型中引用类型的为 Null 性与目标委托“EventHandler”不匹配(可能是由于为 Null 性特性)。 [E:\kunkun\SonarSwitch\dist\v121-theme-layout-perf\candidate-harness\source\SonicRoute\SonicRoute_0g00itol_wpftmp.csproj]
E:\kunkun\SonarSwitch\dist\v121-theme-layout-perf\candidate-harness\source\SonicRoute\MainWindow.xaml.cs(106,51): warning CS8622: “void MainWindow.AppCombo_DropDownOpened(object sender, EventArgs e)”的参数“sender”类型中引用类型的为 Null 性与目标委托“EventHandler”不匹配(可能是由于为 Null 性特性)。 [E:\kunkun\SonarSwitch\dist\v121-theme-layout-perf\candidate-harness\source\SonicRoute\SonicRoute_0g00itol_wpftmp.csproj]
E:\kunkun\SonarSwitch\dist\v121-theme-layout-perf\candidate-harness\source\SonicRoute\MainWindow.xaml.cs(4136,38): warning CS8622: “void MainWindow.AppCombo_DropDownOpened(object sender, EventArgs e)”的参数“sender”类型中引用类型的为 Null 性与目标委托“EventHandler”不匹配(可能是由于为 Null 性特性)。 [E:\kunkun\SonarSwitch\dist\v121-theme-layout-perf\candidate-harness\source\SonicRoute\SonicRoute_0g00itol_wpftmp.csproj]
E:\kunkun\SonarSwitch\dist\v121-theme-layout-perf\candidate-harness\source\SonicRoute\MainWindow.xaml.cs(105,45): warning CS8622: “void MainWindow.AppCombo_DropDownOpened(object sender, EventArgs e)”的参数“sender”类型中引用类型的为 Null 性与目标委托“EventHandler”不匹配(可能是由于为 Null 性特性)。 [E:\kunkun\SonarSwitch\dist\v121-theme-layout-perf\candidate-harness\source\SonicRoute\SonicRoute.csproj]
E:\kunkun\SonarSwitch\dist\v121-theme-layout-perf\candidate-harness\source\SonicRoute\MainWindow.xaml.cs(106,51): warning CS8622: “void MainWindow.AppCombo_DropDownOpened(object sender, EventArgs e)”的参数“sender”类型中引用类型的为 Null 性与目标委托“EventHandler”不匹配(可能是由于为 Null 性特性)。 [E:\kunkun\SonarSwitch\dist\v121-theme-layout-perf\candidate-harness\source\SonicRoute\SonicRoute.csproj]
E:\kunkun\SonarSwitch\dist\v121-theme-layout-perf\candidate-harness\source\SonicRoute\MainWindow.xaml.cs(4136,38): warning CS8622: “void MainWindow.AppCombo_DropDownOpened(object sender, EventArgs e)”的参数“sender”类型中引用类型的为 Null 性与目标委托“EventHandler”不匹配(可能是由于为 Null 性特性)。 [E:\kunkun\SonarSwitch\dist\v121-theme-layout-perf\candidate-harness\source\SonicRoute\SonicRoute.csproj]

已成功生成。

E:\kunkun\SonarSwitch\dist\v121-theme-layout-perf\candidate-harness\source\SonicRoute.Core\AudioService.cs(356,61): warning CS8625: 无法将 null 字面量转换为非 null 的引用类型。 [E:\kunkun\SonarSwitch\dist\v121-theme-layout-perf\candidate-harness\source\SonicRoute.Core\SonicRoute.Core.csproj::TargetFramework=net8.0-windows]
E:\kunkun\SonarSwitch\dist\v121-theme-layout-perf\candidate-harness\source\SonicRoute.Core\AudioService.cs(406,51): warning CS8625: 无法将 null 字面量转换为非 null 的引用类型。 [E:\kunkun\SonarSwitch\dist\v121-theme-layout-perf\candidate-harness\source\SonicRoute.Core\SonicRoute.Core.csproj::TargetFramework=net8.0-windows]
E:\kunkun\SonarSwitch\dist\v121-theme-layout-perf\candidate-harness\source\SonicRoute.Core\AudioService.cs(408,51): warning CS8625: 无法将 null 字面量转换为非 null 的引用类型。 [E:\kunkun\SonarSwitch\dist\v121-theme-layout-perf\candidate-harness\source\SonicRoute.Core\SonicRoute.Core.csproj::TargetFramework=net8.0-windows]
E:\kunkun\SonarSwitch\dist\v121-theme-layout-perf\candidate-harness\source\SonicRoute\MainWindow.xaml.cs(105,45): warning CS8622: “void MainWindow.AppCombo_DropDownOpened(object sender, EventArgs e)”的参数“sender”类型中引用类型的为 Null 性与目标委托“EventHandler”不匹配(可能是由于为 Null 性特性)。 [E:\kunkun\SonarSwitch\dist\v121-theme-layout-perf\candidate-harness\source\SonicRoute\SonicRoute_0g00itol_wpftmp.csproj]
E:\kunkun\SonarSwitch\dist\v121-theme-layout-perf\candidate-harness\source\SonicRoute\MainWindow.xaml.cs(106,51): warning CS8622: “void MainWindow.AppCombo_DropDownOpened(object sender, EventArgs e)”的参数“sender”类型中引用类型的为 Null 性与目标委托“EventHandler”不匹配(可能是由于为 Null 性特性)。 [E:\kunkun\SonarSwitch\dist\v121-theme-layout-perf\candidate-harness\source\SonicRoute\SonicRoute_0g00itol_wpftmp.csproj]
E:\kunkun\SonarSwitch\dist\v121-theme-layout-perf\candidate-harness\source\SonicRoute\MainWindow.xaml.cs(4136,38): warning CS8622: “void MainWindow.AppCombo_DropDownOpened(object sender, EventArgs e)”的参数“sender”类型中引用类型的为 Null 性与目标委托“EventHandler”不匹配(可能是由于为 Null 性特性)。 [E:\kunkun\SonarSwitch\dist\v121-theme-layout-perf\candidate-harness\source\SonicRoute\SonicRoute_0g00itol_wpftmp.csproj]
E:\kunkun\SonarSwitch\dist\v121-theme-layout-perf\candidate-harness\source\SonicRoute\MainWindow.xaml.cs(105,45): warning CS8622: “void MainWindow.AppCombo_DropDownOpened(object sender, EventArgs e)”的参数“sender”类型中引用类型的为 Null 性与目标委托“EventHandler”不匹配(可能是由于为 Null 性特性)。 [E:\kunkun\SonarSwitch\dist\v121-theme-layout-perf\candidate-harness\source\SonicRoute\SonicRoute.csproj]
E:\kunkun\SonarSwitch\dist\v121-theme-layout-perf\candidate-harness\source\SonicRoute\MainWindow.xaml.cs(106,51): warning CS8622: “void MainWindow.AppCombo_DropDownOpened(object sender, EventArgs e)”的参数“sender”类型中引用类型的为 Null 性与目标委托“EventHandler”不匹配(可能是由于为 Null 性特性)。 [E:\kunkun\SonarSwitch\dist\v121-theme-layout-perf\candidate-harness\source\SonicRoute\SonicRoute.csproj]
E:\kunkun\SonarSwitch\dist\v121-theme-layout-perf\candidate-harness\source\SonicRoute\MainWindow.xaml.cs(4136,38): warning CS8622: “void MainWindow.AppCombo_DropDownOpened(object sender, EventArgs e)”的参数“sender”类型中引用类型的为 Null 性与目标委托“EventHandler”不匹配(可能是由于为 Null 性特性)。 [E:\kunkun\SonarSwitch\dist\v121-theme-layout-perf\candidate-harness\source\SonicRoute\SonicRoute.csproj]
    9 个警告
    0 个错误

已用时间 00:00:06.16
